node:internal/modules/run_main:107
    triggerUncaughtException(
    ^

browserType.launch: Target page, context or browser has been closed
Browser logs:

<launching> /ms-playwright/chromium_headless_shell-1243/chrome-headless-shell-linux-arm64/chrome-headless-shell --disable-field-trial-config --disable-background-networking --disable-background-timer-throttling --disable-backgrounding-occluded-windows --disable-back-forward-cache --disable-breakpad --disable-client-side-phishing-detection --disable-component-extensions-with-background-pages --disable-component-update --no-default-browser-check --disable-default-apps --disable-dev-shm-usage --disable-edgeupdater --disable-extensions --disable-features=AvoidUnnecessaryBeforeUnloadCheckSync,DestroyProfileOnBrowserClose,DialMediaRouteProvider,GlobalMediaControls,HttpsUpgrades,LensOverlay,MediaRouter,PaintHolding,ThirdPartyStoragePartitioning,BlockOriginHeaderModificationOnRedirect,Translate,AutoDeElevate,OptimizationHints,msForceBrowserSignIn,msEdgeUpdateLaunchServicesPreferredVersion --enable-features=CDPScreenshotNewSurface --allow-pre-commit-input --disable-hang-monitor --disable-ipc-flooding-protection --disable-popup-blocking --disable-prompt-on-repost --disable-renderer-backgrounding --disable-updater-scheduler --force-color-profile=srgb --metrics-recording-only --no-first-run --password-store=basic --use-mock-keychain --no-service-autorun --export-tagged-pdf --disable-search-engine-choice-screen --unsafely-disable-devtools-self-xss-warnings --edge-skip-compat-layer-relaunch --disable-infobars --disable-search-engine-choice-screen --disable-sync --enable-unsafe-swiftshader --headless --hide-scrollbars --mute-audio --blink-settings=primaryHoverType=2,availableHoverTypes=2,primaryPointerType=4,availablePointerTypes=4 --proxy-server=http://egress:4322 --proxy-bypass-list=<-loopback> --proxy-bypass-list=<-loopback> --disable-quic --user-data-dir=/tmp/playwright_chromiumdev_profile-aaiJi3 --remote-debugging-pipe --no-startup-window
<launched> pid=41
[pid=41][err] Check failed: sys_chroot("/proc/self/fdinfo/") == 0
[pid=41][err] [0930/221149.858926:FATAL:content/browser/zygote_host/zygote_host_impl_linux.cc:237] Zygote process exited prematurely with exit code -1
Call log:
  - <launching> /ms-playwright/chromium_headless_shell-1243/chrome-headless-shell-linux-arm64/chrome-headless-shell --disable-field-trial-config --disable-background-networking --disable-background-timer-throttling --disable-backgrounding-occluded-windows --disable-back-forward-cache --disable-breakpad --disable-client-side-phishing-detection --disable-component-extensions-with-background-pages --disable-component-update --no-default-browser-check --disable-default-apps --disable-dev-shm-usage --disable-edgeupdater --disable-extensions --disable-features=AvoidUnnecessaryBeforeUnloadCheckSync,DestroyProfileOnBrowserClose,DialMediaRouteProvider,GlobalMediaControls,HttpsUpgrades,LensOverlay,MediaRouter,PaintHolding,ThirdPartyStoragePartitioning,BlockOriginHeaderModificationOnRedirect,Translate,AutoDeElevate,OptimizationHints,msForceBrowserSignIn,msEdgeUpdateLaunchServicesPreferredVersion --enable-features=CDPScreenshotNewSurface --allow-pre-commit-input --disable-hang-monitor --disable-ipc-flooding-protection --disable-popup-blocking --disable-prompt-on-repost --disable-renderer-backgrounding --disable-updater-scheduler --force-color-profile=srgb --metrics-recording-only --no-first-run --password-store=basic --use-mock-keychain --no-service-autorun --export-tagged-pdf --disable-search-engine-choice-screen --unsafely-disable-devtools-self-xss-warnings --edge-skip-compat-layer-relaunch --disable-infobars --disable-search-engine-choice-screen --disable-sync --enable-unsafe-swiftshader --headless --hide-scrollbars --mute-audio --blink-settings=primaryHoverType=2,availableHoverTypes=2,primaryPointerType=4,availablePointerTypes=4 --proxy-server=http://egress:4322 --proxy-bypass-list=<-loopback> --proxy-bypass-list=<-loopback> --disable-quic --user-data-dir=/tmp/playwright_chromiumdev_profile-aaiJi3 --remote-debugging-pipe --no-startup-window
  - <launched> pid=41
  - [pid=41][err] Check failed: sys_chroot("/proc/self/fdinfo/") == 0
  - [pid=41][err] [0930/221149.858926:FATAL:content/browser/zygote_host/zygote_host_impl_linux.cc:237] Zygote process exited prematurely with exit code -1
  - [pid=41] <gracefully close start>
  - [pid=41] <kill>
  - [pid=41] <will force kill>
  - [pid=41] <process did exit: exitCode=null, signal=SIGTRAP>
  - [pid=41] starting temporary directories cleanup
  - [pid=41] finished temporary directories cleanup
  - [pid=41] <gracefully close end>

    at /app/[eval1]:1:71
    at async node:internal/modules/esm/loader:223:26 {
  log: [
    '  - <launching> /ms-playwright/chromium_headless_shell-1243/chrome-headless-shell-linux-arm64/chrome-headless-shell --disable-field-trial-config --disable-background-networking --disable-background-timer-throttling --disable-backgrounding-occluded-windows --disable-back-forward-cache --disable-breakpad --disable-client-side-phishing-detection --disable-component-extensions-with-background-pages --disable-component-update --no-default-browser-check --disable-default-apps --disable-dev-shm-usage --disable-edgeupdater --disable-extensions --disable-features=AvoidUnnecessaryBeforeUnloadCheckSync,DestroyProfileOnBrowserClose,DialMediaRouteProvider,GlobalMediaControls,HttpsUpgrades,LensOverlay,MediaRouter,PaintHolding,ThirdPartyStoragePartitioning,BlockOriginHeaderModificationOnRedirect,Translate,AutoDeElevate,OptimizationHints,msForceBrowserSignIn,msEdgeUpdateLaunchServicesPreferredVersion --enable-features=CDPScreenshotNewSurface --allow-pre-commit-input --disable-hang-monitor --disable-ipc-flooding-protection --disable-popup-blocking --disable-prompt-on-repost --disable-renderer-backgrounding --disable-updater-scheduler --force-color-profile=srgb --metrics-recording-only --no-first-run --password-store=basic --use-mock-keychain --no-service-autorun --export-tagged-pdf --disable-search-engine-choice-screen --unsafely-disable-devtools-self-xss-warnings --edge-skip-compat-layer-relaunch --disable-infobars --disable-search-engine-choice-screen --disable-sync --enable-unsafe-swiftshader --headless --hide-scrollbars --mute-audio --blink-settings=primaryHoverType=2,availableHoverTypes=2,primaryPointerType=4,availablePointerTypes=4 --proxy-server=http://egress:4322 --proxy-bypass-list=<-loopback> --proxy-bypass-list=<-loopback> --disable-quic --user-data-dir=/tmp/playwright_chromiumdev_profile-aaiJi3 --remote-debugging-pipe --no-startup-window',
    '  - <launched> pid=41',
    '  - [pid=41][err] Check failed: sys_chroot("/proc/self/fdinfo/") == 0',
    '  - [pid=41][err] [0930/221149.858926:FATAL:content/browser/zygote_host/zygote_host_impl_linux.cc:237] Zygote process exited prematurely with exit code -1',
    '  - [pid=41] <gracefully close start>',
    '  - [pid=41] <kill>',
    '  - [pid=41] <will force kill>',
    '  - [pid=41] <process did exit: exitCode=null, signal=SIGTRAP>',
    '  - [pid=41] starting temporary directories cleanup',
    '  - [pid=41] finished temporary directories cleanup',
    '  - [pid=41] <gracefully close end>'
  ]
}

Node.js v24.20.0
